0-	1
1-	0

00<	1
01<	1
10<	0
11<	1

00=	1
01=	0
10=	0
11=	1

00*	0
01*	0
10*	0
11*	1

00+	0
01+	1
10+	1
11+	1
